[27-Dec-2025 08:09:06 America/Sao_Paulo] DIAGNOSTIC: XML content IS UTF-8 right before gzencode.
[27-Dec-2025 09:33:25 America/Sao_Paulo] DEBUG: publicCertPath para CURLOPT_SSLCERT = /var/www/miles/vendor/theusdido/miles-library/controller/integracao/sn_nfse/certificado_publico.pem
[27-Dec-2025 09:33:25 America/Sao_Paulo] DEBUG: privateKeyPath para CURLOPT_SSLKEY = /var/www/miles/vendor/theusdido/miles-library/controller/integracao/sn_nfse/chave_privada.pem
[29-Dec-2025 19:08:44 America/Sao_Paulo] PHP Fatal error:  Uncaught ErrorException: session_write_close(): Write failed: No space left on device (28) in /var/www/miles/vendor/theusdido/miles-library/autoload.php:203
Stack trace:
#0 [internal function]: {closure}()
#1 /var/www/miles/vendor/theusdido/miles-library/autoload.php(203): session_write_close()
#2 /var/www/miles/index.php(18): require('...')
#3 {main}
  thrown in /var/www/miles/vendor/theusdido/miles-library/autoload.php on line 203
[06-Jan-2026 20:04:13 America/Sao_Paulo] PHP Fatal error:  Uncaught Error: Call to a member function setIdAttribute() on null in /var/www/miles/vendor/theusdido/miles-library/classes/nfse/snnfse.class.php:176
Stack trace:
#0 /var/www/miles/vendor/theusdido/miles-library/classes/nfse/snnfse.class.php(142): snNFSE->assinatura()
#1 /var/www/miles/vendor/theusdido/miles-library/classes/nfse/snnfse.class.php(244): snNFSE->createLote()
#2 /var/www/miles/vendor/theusdido/miles-library/controller/integracao/sn_nfse/enviar.php(27): snNFSE->send()
#3 /var/www/miles/vendor/theusdido/miles-library/controller/nfse/enviar.php(16): require('...')
#4 /var/www/miles/vendor/theusdido/miles-library/system/rota.php(77): include('...')
#5 /var/www/miles/vendor/theusdido/miles-library/autoload.php(192): require('...')
#6 /var/www/miles/index.php(18): require('...')
#7 {main}
  thrown in /var/www/miles/vendor/theusdido/miles-library/classes/nfse/snnfse.class.php on line 176
[06-Jan-2026 20:04:52 America/Sao_Paulo] PHP Fatal error:  Uncaught Error: Call to a member function setIdAttribute() on null in /var/www/miles/vendor/theusdido/miles-library/classes/nfse/snnfse.class.php:176
Stack trace:
#0 /var/www/miles/vendor/theusdido/miles-library/classes/nfse/snnfse.class.php(142): snNFSE->assinatura()
#1 /var/www/miles/vendor/theusdido/miles-library/classes/nfse/snnfse.class.php(244): snNFSE->createLote()
#2 /var/www/miles/vendor/theusdido/miles-library/controller/integracao/sn_nfse/enviar.php(27): snNFSE->send()
#3 /var/www/miles/vendor/theusdido/miles-library/controller/nfse/enviar.php(16): require('...')
#4 /var/www/miles/vendor/theusdido/miles-library/system/rota.php(77): include('...')
#5 /var/www/miles/vendor/theusdido/miles-library/autoload.php(192): require('...')
#6 /var/www/miles/index.php(18): require('...')
#7 {main}
  thrown in /var/www/miles/vendor/theusdido/miles-library/classes/nfse/snnfse.class.php on line 176
[06-Jan-2026 22:19:32 America/Sao_Paulo] PHP Fatal error:  Uncaught Error: Call to a member function setIdAttribute() on null in /var/www/miles/vendor/theusdido/miles-library/classes/nfse/snnfse.class.php:280
Stack trace:
#0 /var/www/miles/vendor/theusdido/miles-library/classes/nfse/snnfse.class.php(247): snNFSE->assinatura()
#1 /var/www/miles/vendor/theusdido/miles-library/classes/nfse/snnfse.class.php(343): snNFSE->createLote()
#2 /var/www/miles/vendor/theusdido/miles-library/controller/integracao/sn_nfse/enviar.php(27): snNFSE->send()
#3 /var/www/miles/vendor/theusdido/miles-library/controller/nfse/enviar.php(16): require('...')
#4 /var/www/miles/vendor/theusdido/miles-library/system/rota.php(77): include('...')
#5 /var/www/miles/vendor/theusdido/miles-library/autoload.php(192): require('...')
#6 /var/www/miles/index.php(18): require('...')
#7 {main}
  thrown in /var/www/miles/vendor/theusdido/miles-library/classes/nfse/snnfse.class.php on line 280
[06-Jan-2026 22:39:19 America/Sao_Paulo] PHP Fatal error:  Uncaught Error: Call to a member function setIdAttribute() on null in /var/www/miles/vendor/theusdido/miles-library/classes/nfse/snnfse.class.php:176
Stack trace:
#0 /var/www/miles/vendor/theusdido/miles-library/classes/nfse/snnfse.class.php(140): snNFSE->assinatura()
#1 /var/www/miles/vendor/theusdido/miles-library/classes/nfse/snnfse.class.php(239): snNFSE->createLote()
#2 /var/www/miles/vendor/theusdido/miles-library/controller/integracao/sn_nfse/enviar.php(27): snNFSE->send()
#3 /var/www/miles/vendor/theusdido/miles-library/controller/nfse/enviar.php(16): require('...')
#4 /var/www/miles/vendor/theusdido/miles-library/system/rota.php(77): include('...')
#5 /var/www/miles/vendor/theusdido/miles-library/autoload.php(192): require('...')
#6 /var/www/miles/index.php(18): require('...')
#7 {main}
  thrown in /var/www/miles/vendor/theusdido/miles-library/classes/nfse/snnfse.class.php on line 176
